// Jest Snapshot v1, https://goo.gl/fbAQLP

exports[`Testing App() Component should take a snapshot 1`] = `
<DocumentFragment>
  <div
    class="main__wrap"
  >
    <main
      class="container"
    >
      <div
        class="card__box"
      >
        <nav
          class="navbar navbar-light"
        >
          <div
            class="navbar-brand"
          >
            <i
              aria-hidden="true"
              class="fa fa-shopping-cart fa-lg m-2"
            />
            <span
              class="badge badge-pill bg-info m-2"
              style="width: 50px; font-size: 24px;"
            >
              0
            </span>
            Items
          </div>
        </nav>
        <div
          class="container"
        >
          <div
            class="row justify-content-center"
          >
            <div
              class="col-4 text-center"
            >
              <button
                class="btn btn-success m-2"
                data-testid="reset-button"
              >
                <i
                  aria-hidden="true"
                  class="fa fa-refresh"
                />
              </button>
              <button
                class="btn btn-primary m-2"
                data-testid="restart-button"
                disabled=""
              >
                <i
                  aria-hidden="true"
                  class="fa fa-recycle"
                />
              </button>
            </div>
          </div>
          <div
            class="container"
          >
            <div
              class="row justify-content-center"
            >
              <div
                class="col-4 text-center"
              >
                <span
                  class="badge m-2 bg-warning"
                  style="font-size: 21px; padding: 9px; vertical-align: middle;"
                >
                  Zero
                </span>
                <button
                  class="btn btn-secondary"
                  data-testid="increment-button"
                >
                  <i
                    aria-hidden="true"
                    class="fa fa-plus-circle"
                  />
                </button>
                <button
                  class="btn btn-info m-2"
                  data-testid="decrement-button"
                  disabled=""
                >
                  <i
                    aria-hidden="true"
                    class="fa fa-minus-circle"
                  />
                </button>
                <button
                  class="btn btn-danger"
                  data-testid="delete-button"
                >
                  <i
                    aria-hidden="true"
                    class="fa fa-trash-o"
                  />
                </button>
              </div>
            </div>
          </div>
          <div
            class="container"
          >
            <div
              class="row justify-content-center"
            >
              <div
                class="col-4 text-center"
              >
                <span
                  class="badge m-2 bg-warning"
                  style="font-size: 21px; padding: 9px; vertical-align: middle;"
                >
                  Zero
                </span>
                <button
                  class="btn btn-secondary"
                  data-testid="increment-button"
                >
                  <i
                    aria-hidden="true"
                    class="fa fa-plus-circle"
                  />
                </button>
                <button
                  class="btn btn-info m-2"
                  data-testid="decrement-button"
                  disabled=""
                >
                  <i
                    aria-hidden="true"
                    class="fa fa-minus-circle"
                  />
                </button>
                <button
                  class="btn btn-danger"
                  data-testid="delete-button"
                >
                  <i
                    aria-hidden="true"
                    class="fa fa-trash-o"
                  />
                </button>
              </div>
            </div>
          </div>
          <div
            class="container"
          >
            <div
              class="row justify-content-center"
            >
              <div
                class="col-4 text-center"
              >
                <span
                  class="badge m-2 bg-warning"
                  style="font-size: 21px; padding: 9px; vertical-align: middle;"
                >
                  Zero
                </span>
                <button
                  class="btn btn-secondary"
                  data-testid="increment-button"
                >
                  <i
                    aria-hidden="true"
                    class="fa fa-plus-circle"
                  />
                </button>
                <button
                  class="btn btn-info m-2"
                  data-testid="decrement-button"
                  disabled=""
                >
                  <i
                    aria-hidden="true"
                    class="fa fa-minus-circle"
                  />
                </button>
                <button
                  class="btn btn-danger"
                  data-testid="delete-button"
                >
                  <i
                    aria-hidden="true"
                    class="fa fa-trash-o"
                  />
                </button>
              </div>
            </div>
          </div>
          <div
            class="container"
          >
            <div
              class="row justify-content-center"
            >
              <div
                class="col-4 text-center"
              >
                <span
                  class="badge m-2 bg-warning"
                  style="font-size: 21px; padding: 9px; vertical-align: middle;"
                >
                  Zero
                </span>
                <button
                  class="btn btn-secondary"
                  data-testid="increment-button"
                >
                  <i
                    aria-hidden="true"
                    class="fa fa-plus-circle"
                  />
                </button>
                <button
                  class="btn btn-info m-2"
                  data-testid="decrement-button"
                  disabled=""
                >
                  <i
                    aria-hidden="true"
                    class="fa fa-minus-circle"
                  />
                </button>
                <button
                  class="btn btn-danger"
                  data-testid="delete-button"
                >
                  <i
                    aria-hidden="true"
                    class="fa fa-trash-o"
                  />
                </button>
              </div>
            </div>
          </div>
        </div>
      </div>
    </main>
  </div>
</DocumentFragment>
`;
